C51 COMPILER V9.59.0.0   MAIN                                                              03/22/2023 11:59:55 PAGE 1   


C51 COMPILER V9.59.0.0, COMPILATION OF MODULE MAIN
OBJECT MODULE PLACED IN .\Objects\main.obj
COMPILER INVOKED BY: D:\Program Files\keil_v5.14\C51\BIN\C51.EXE main.c OPTIMIZE(8,SPEED) BROWSE DEBUG OBJECTEXTEND PRIN
                    -T(.\Listings\main.lst) TABS(2) OBJECT(.\Objects\main.obj)

line level    source

   1          #include <REG51.H>
   2          sbit led0 = P1 ^ 0;
   3          sbit led1 = P1 ^ 1;
   4          sbit led2 = P1 ^ 2;
   5          sbit led3 = P1 ^ 3;
   6          sbit s0 = P1 ^ 7;
   7          sbit s1 = P1 ^ 6;
   8          
   9          void main()
  10          {
  11   1          while (1)
  12   1          {   
  13   2              // 面判断是s0和s1两开关者关状态(高电压为1，不等于0即全为1)
  14   2              // 当s0和s1都关闭状态让led0亮
  15   2              if ((s0 != 0) && (s1 != 0))
  16   2              {
  17   3                  led0 = 0;  // 让led0为开状态(亮灯)
  18   3                  led1 = led2 = led3 = 1;  //其于的灯为关状态(熄灭)
  19   3              }
  20   2              // 当s0单独按下s1为关闭状态让led1为高
  21   2              else if ((s0 != 1) && (s1 != 0))
  22   2              {
  23   3                  led1 = 0;
  24   3                  led0 = led2 = led3 = 1;
  25   3              }
  26   2              // 当s1单独按下，s0为关闭状态让led2亮
  27   2              else if ((s0 != 0) && (s1 != 1))
  28   2              {
  29   3                  led2 = 0;
  30   3                  led0 = led1 = led3 = 1;
  31   3              }
  32   2              // 当s0和s1同时按下，让led3亮
  33   2              else if ((s0 != 1) && (s1 != 1))
  34   2              {
  35   3                  led3 = 0;
  36   3                  led0 = led2 = led1 = 1;
  37   3              }
  38   2          }
  39   1      }


MODULE INFORMATION:   STATIC OVERLAYABLE
   CODE SIZE        =     64    ----
   CONSTANT SIZE    =   ----    ----
   XDATA SIZE       =   ----    ----
   PDATA SIZE       =   ----    ----
   DATA SIZE        =   ----    ----
   IDATA SIZE       =   ----    ----
   BIT SIZE         =   ----    ----
END OF MODULE INFORMATION.


C51 COMPILATION COMPLETE.  0 WARNING(S),  0 ERROR(S)
